// Vitest Snapshot v1, https://vitest.dev/guide/snapshot.html

exports[`simulateLap (characterization) > produces a stable final classification for a seeded race 1`] = `
[
  {
    "condition": 6,
    "driverId": "d3",
    "laps": 12,
    "mistakeCount": 0,
    "pitStops": 1,
    "position": 1,
    "retired": false,
    "retirementLap": null,
    "totalTime": 1254.166,
    "tyre": "medium",
  },
  {
    "condition": 15,
    "driverId": "d1",
    "laps": 12,
    "mistakeCount": 0,
    "pitStops": 2,
    "position": 2,
    "retired": false,
    "retirementLap": null,
    "totalTime": 1257.37,
    "tyre": "soft",
  },
  {
    "condition": 59,
    "driverId": "d5",
    "laps": 12,
    "mistakeCount": 0,
    "pitStops": 2,
    "position": 3,
    "retired": false,
    "retirementLap": null,
    "totalTime": 1275.177,
    "tyre": "medium",
  },
  {
    "condition": 20,
    "driverId": "d4",
    "laps": 12,
    "mistakeCount": 0,
    "pitStops": 2,
    "position": 4,
    "retired": false,
    "retirementLap": null,
    "totalTime": 1275.58,
    "tyre": "soft",
  },
  {
    "condition": 71,
    "driverId": "d2",
    "laps": 12,
    "mistakeCount": 0,
    "pitStops": 3,
    "position": 5,
    "retired": false,
    "retirementLap": null,
    "totalTime": 1280.506,
    "tyre": "soft",
  },
  {
    "condition": 3,
    "driverId": "d6",
    "laps": 12,
    "mistakeCount": 1,
    "pitStops": 2,
    "position": 6,
    "retired": false,
    "retirementLap": null,
    "totalTime": 1285.468,
    "tyre": "soft",
  },
]
`;
