// Vitest Snapshot v1, https://vitest.dev/guide/snapshot.html

exports[`simulateSector > locks the sector path with a characterization snapshot 1`] = `
[
  {
    "condition": 16.4,
    "driverId": "d2",
    "gap": 0,
    "laps": 12,
    "lapsDown": 0,
    "mistakeCount": 0,
    "pitStops": 1,
    "position": 1,
    "retired": false,
    "retirementLap": null,
    "stints": 1,
    "totalTime": 1240.812,
    "tyre": "medium",
  },
  {
    "condition": 22.9,
    "driverId": "d3",
    "gap": 8.859,
    "laps": 12,
    "lapsDown": 0,
    "mistakeCount": 0,
    "pitStops": 1,
    "position": 2,
    "retired": false,
    "retirementLap": null,
    "stints": 1,
    "totalTime": 1249.672,
    "tyre": "medium",
  },
  {
    "condition": 0.1,
    "driverId": "d4",
    "gap": 6.394,
    "laps": 12,
    "lapsDown": 0,
    "mistakeCount": 0,
    "pitStops": 1,
    "position": 3,
    "retired": false,
    "retirementLap": null,
    "stints": 1,
    "totalTime": 1256.065,
    "tyre": "medium",
  },
  {
    "condition": 98.6,
    "driverId": "d1",
    "gap": 6.975,
    "laps": 12,
    "lapsDown": 0,
    "mistakeCount": 0,
    "pitStops": 2,
    "position": 4,
    "retired": false,
    "retirementLap": null,
    "stints": 2,
    "totalTime": 1263.04,
    "tyre": "medium",
  },
  {
    "condition": 98,
    "driverId": "d5",
    "gap": 27.289,
    "laps": 12,
    "lapsDown": 0,
    "mistakeCount": 0,
    "pitStops": 2,
    "position": 5,
    "retired": false,
    "retirementLap": null,
    "stints": 2,
    "totalTime": 1290.329,
    "tyre": "medium",
  },
  {
    "condition": 73.8,
    "driverId": "d6",
    "gap": 2.193,
    "laps": 12,
    "lapsDown": 0,
    "mistakeCount": 0,
    "pitStops": 2,
    "position": 6,
    "retired": false,
    "retirementLap": null,
    "stints": 2,
    "totalTime": 1292.521,
    "tyre": "medium",
  },
]
`;
