// Vitest Snapshot v1, https://vitest.dev/guide/snapshot.html

exports[`simulateSector > locks the sector path with a characterization snapshot 1`] = `
[
  {
    "condition": 0,
    "driverId": "d1",
    "gap": 0,
    "laps": 12,
    "lapsDown": 0,
    "mistakeCount": 0,
    "pitStops": 1,
    "position": 1,
    "retired": false,
    "retirementLap": null,
    "stints": 1,
    "totalTime": 1234.731,
    "tyre": "medium",
  },
  {
    "condition": 16.8,
    "driverId": "d2",
    "gap": 6.088,
    "laps": 12,
    "lapsDown": 0,
    "mistakeCount": 0,
    "pitStops": 1,
    "position": 2,
    "retired": false,
    "retirementLap": null,
    "stints": 1,
    "totalTime": 1240.819,
    "tyre": "medium",
  },
  {
    "condition": 7.2,
    "driverId": "d3",
    "gap": 10.563,
    "laps": 12,
    "lapsDown": 0,
    "mistakeCount": 0,
    "pitStops": 1,
    "position": 3,
    "retired": false,
    "retirementLap": null,
    "stints": 1,
    "totalTime": 1251.382,
    "tyre": "medium",
  },
  {
    "condition": 0,
    "driverId": "d4",
    "gap": 5.447,
    "laps": 12,
    "lapsDown": 0,
    "mistakeCount": 0,
    "pitStops": 1,
    "position": 4,
    "retired": false,
    "retirementLap": null,
    "stints": 1,
    "totalTime": 1256.829,
    "tyre": "medium",
  },
  {
    "condition": 77.7,
    "driverId": "d6",
    "gap": 39.559,
    "laps": 12,
    "lapsDown": 0,
    "mistakeCount": 0,
    "pitStops": 2,
    "position": 5,
    "retired": false,
    "retirementLap": null,
    "stints": 2,
    "totalTime": 1296.388,
    "tyre": "medium",
  },
  {
    "condition": 98.7,
    "driverId": "d5",
    "gap": 2.933,
    "laps": 12,
    "lapsDown": 0,
    "mistakeCount": 1,
    "pitStops": 2,
    "position": 6,
    "retired": false,
    "retirementLap": null,
    "stints": 2,
    "totalTime": 1299.322,
    "tyre": "medium",
  },
]
`;
