// Vitest Snapshot v1, https://vitest.dev/guide/snapshot.html

exports[`simulateSector > locks the sector path with a characterization snapshot 1`] = `
[
  {
    "condition": 5.2,
    "driverId": "d2",
    "gap": 0,
    "laps": 12,
    "lapsDown": 0,
    "mistakeCount": 0,
    "pitStops": 1,
    "position": 1,
    "retired": false,
    "retirementLap": null,
    "stints": 1,
    "totalTime": 1241.72,
    "tyre": "medium",
  },
  {
    "condition": 82.1,
    "driverId": "d1",
    "gap": 16.835,
    "laps": 12,
    "lapsDown": 0,
    "mistakeCount": 0,
    "pitStops": 2,
    "position": 2,
    "retired": false,
    "retirementLap": null,
    "stints": 2,
    "totalTime": 1258.555,
    "tyre": "medium",
  },
  {
    "condition": 82.9,
    "driverId": "d3",
    "gap": 13.546,
    "laps": 12,
    "lapsDown": 0,
    "mistakeCount": 0,
    "pitStops": 2,
    "position": 3,
    "retired": false,
    "retirementLap": null,
    "stints": 2,
    "totalTime": 1272.1,
    "tyre": "medium",
  },
  {
    "condition": 98,
    "driverId": "d4",
    "gap": 8.126,
    "laps": 12,
    "lapsDown": 0,
    "mistakeCount": 0,
    "pitStops": 2,
    "position": 4,
    "retired": false,
    "retirementLap": null,
    "stints": 2,
    "totalTime": 1280.227,
    "tyre": "medium",
  },
  {
    "condition": 7,
    "driverId": "d6",
    "gap": 9.92,
    "laps": 12,
    "lapsDown": 0,
    "mistakeCount": 0,
    "pitStops": 2,
    "position": 5,
    "retired": false,
    "retirementLap": null,
    "stints": 2,
    "totalTime": 1290.147,
    "tyre": "soft",
  },
  {
    "condition": 79.2,
    "driverId": "d5",
    "gap": 4.009,
    "laps": 12,
    "lapsDown": 0,
    "mistakeCount": 1,
    "pitStops": 2,
    "position": 6,
    "retired": false,
    "retirementLap": null,
    "stints": 2,
    "totalTime": 1294.156,
    "tyre": "medium",
  },
]
`;
